<!doctype html>
<html>
    <head>
        <title>Test file replaced</title>
    </head>
    <body>
        <h1>Test file replaced</h1>
        <p>Lorem ipsum dolor sit amet, consectetur adipisicing elit. Corrupti, consequuntur.</p>
        <span>First occurence of span</span>
        <span>Second occurence of span</span>
        <!-- IT WORKS -->
    </body>
</html>
